Running EVPI analysis:   0%|          | 0/6 [00:00<?, ?it/s]Running EVPI analysis:  17%|█▋        | 1/6 [18:07<1:30:36, 1087.21s/it]Running EVPI analysis:  17%|█▋        | 1/6 [19:59<1:39:58, 1199.70s/it]
Traceback (most recent call last):
  File "<frozen runpy>", line 198, in _run_module_as_main
  File "<frozen runpy>", line 88, in _run_code
  File "/cluster/home/tinusfa/master_project/src/run.py", line 522, in <module>
    run(
  File "/cluster/home/tinusfa/master_project/src/run.py", line 299, in run
    model_info_df = run(
                    ^^^^
  File "/cluster/home/tinusfa/master_project/src/run.py", line 215, in run
    model_output = get_model(model_config)
                   ^^^^^^^^^^^^^^^^^^^^^^^
  File "/cluster/home/tinusfa/master_project/src/models.py", line 4199, in get_model
    return model_func(config)
           ^^^^^^^^^^^^^^^^^^
  File "/cluster/home/tinusfa/master_project/src/models.py", line 2869, in GTSEP_stochastic_v1
    model.optimize()
  File "src/gurobipy/_model.pyx", line 903, in gurobipy._model.Model.optimize
gurobipy._exception.GurobiError: Overage for too long, 3 active sessions and over the baseline for 69 minutes
To github.com:TinusAlsos/master_project.git
   0025678..083a742  idun_runs -> idun_runs
