Traceback (most recent call last):
  File "<frozen runpy>", line 198, in _run_module_as_main
  File "<frozen runpy>", line 88, in _run_code
  File "/cluster/home/tinusfa/master_project/src/run.py", line 522, in <module>
    run(
  File "/cluster/home/tinusfa/master_project/src/run.py", line 215, in run
    model_output = get_model(model_config)
                   ^^^^^^^^^^^^^^^^^^^^^^^
  File "/cluster/home/tinusfa/master_project/src/models.py", line 4199, in get_model
    return model_func(config)
           ^^^^^^^^^^^^^^^^^^
  File "/cluster/home/tinusfa/master_project/src/models.py", line 2495, in GTSEP_stochastic_v1
    model = gp.Model(model_name)
            ^^^^^^^^^^^^^^^^^^^^
  File "src/gurobipy/_model.pyx", line 146, in gurobipy._model.Model.__init__
  File "src/gurobipy/gurobi.pxi", line 60, in gurobipy._core.gurobi._getdefaultenv
  File "src/gurobipy/env.pxi", line 88, in gurobipy._core.Env.__init__
gurobipy._exception.GurobiError: Too many sessions, 5 active sessions for a baseline of 2
To github.com:TinusAlsos/master_project.git
   755ab8c..06c0dd2  idun_runs -> idun_runs
