Traceback (most recent call last):
  File "<frozen runpy>", line 198, in _run_module_as_main
  File "<frozen runpy>", line 88, in _run_code
  File "/cluster/home/tinusfa/master_project/src/run.py", line 19, in <module>
    from src.models import get_model
  File "/cluster/home/tinusfa/master_project/src/models.py", line 15, in <module>
    from IPython.display import display
ModuleNotFoundError: No module named 'IPython'
fatal: Unable to create '/cluster/home/tinusfa/master_project/.git/index.lock': File exists.

Another git process seems to be running in this repository, e.g.
an editor opened by 'git commit'. Please make sure all processes
are terminated then try again. If it still fails, a git process
may have crashed in this repository earlier:
remove the file manually to continue.
fatal: Unable to create '/cluster/home/tinusfa/master_project/.git/index.lock': File exists.

Another git process seems to be running in this repository, e.g.
an editor opened by 'git commit'. Please make sure all processes
are terminated then try again. If it still fails, a git process
may have crashed in this repository earlier:
remove the file manually to continue.
