Processing Models:   0%|          | 0/12 [00:00<?, ?model/s]Processing Models:   0%|          | 0/12 [00:00<?, ?model/s]
Traceback (most recent call last):
  File "<frozen runpy>", line 198, in _run_module_as_main
  File "<frozen runpy>", line 88, in _run_code
  File "/cluster/home/tinusfa/master_project/src/run_batches.py", line 86, in <module>
    run_batches(
  File "/cluster/home/tinusfa/master_project/src/run_batches.py", line 43, in run_batches
    run(
  File "/cluster/home/tinusfa/master_project/src/run.py", line 215, in run
    model_output = get_model(model_config)
                   ^^^^^^^^^^^^^^^^^^^^^^^
  File "/cluster/home/tinusfa/master_project/src/models.py", line 4217, in get_model
    return model_func(config)
           ^^^^^^^^^^^^^^^^^^
  File "/cluster/home/tinusfa/master_project/src/models.py", line 2504, in GTSEP_stochastic_v1
    model = gp.Model(model_name)
            ^^^^^^^^^^^^^^^^^^^^
  File "src/gurobipy/_model.pyx", line 146, in gurobipy._model.Model.__init__
  File "src/gurobipy/gurobi.pxi", line 60, in gurobipy._core.gurobi._getdefaultenv
  File "src/gurobipy/env.pxi", line 88, in gurobipy._core.Env.__init__
gurobipy._exception.GurobiError: License 2622400 has expired
To github.com:TinusAlsos/master_project.git
   46b63cb..6f13003  idun_runs -> idun_runs
