Processing Models:   0%|          | 0/5 [00:00<?, ?model/s]/cluster/home/tinusfa/master_project/src/models.py:52: PerformanceWarning: indexing past lexsort depth may impact performance.
  branches = branches.loc[y0,]
/cluster/home/tinusfa/master_project/src/models.py:53: PerformanceWarning: indexing past lexsort depth may impact performance.
  generators = generators.loc[y0,]
Processing Models:  20%|██        | 1/5 [00:11<00:45, 11.40s/model]/cluster/home/tinusfa/master_project/src/models.py:52: PerformanceWarning: indexing past lexsort depth may impact performance.
  branches = branches.loc[y0,]
/cluster/home/tinusfa/master_project/src/models.py:53: PerformanceWarning: indexing past lexsort depth may impact performance.
  generators = generators.loc[y0,]
Processing Models:  40%|████      | 2/5 [00:24<00:37, 12.63s/model]/cluster/home/tinusfa/master_project/src/models.py:52: PerformanceWarning: indexing past lexsort depth may impact performance.
  branches = branches.loc[y0,]
/cluster/home/tinusfa/master_project/src/models.py:53: PerformanceWarning: indexing past lexsort depth may impact performance.
  generators = generators.loc[y0,]
Processing Models:  60%|██████    | 3/5 [01:10<00:54, 27.46s/model]/cluster/home/tinusfa/master_project/src/models.py:52: PerformanceWarning: indexing past lexsort depth may impact performance.
  branches = branches.loc[y0,]
/cluster/home/tinusfa/master_project/src/models.py:53: PerformanceWarning: indexing past lexsort depth may impact performance.
  generators = generators.loc[y0,]
Processing Models:  80%|████████  | 4/5 [03:04<01:01, 61.90s/model]/cluster/home/tinusfa/master_project/src/models.py:52: PerformanceWarning: indexing past lexsort depth may impact performance.
  branches = branches.loc[y0,]
/cluster/home/tinusfa/master_project/src/models.py:53: PerformanceWarning: indexing past lexsort depth may impact performance.
  generators = generators.loc[y0,]
Processing Models: 100%|██████████| 5/5 [08:44<00:00, 161.98s/model]Processing Models: 100%|██████████| 5/5 [08:44<00:00, 104.82s/model]
